<Offset into main = 5541>
<Offset to target instruction = 111098>
<Difference = 111098 - 5541 = 105557>

0 21 0x00000000 0xf14020f3 M csrrs         x1, mhartid, x0
1 23 0x00000004 0x80002217 M auipc         x4, 0x80002000
2 25 0x00000008 0xffb20213 M addi          x4, x27, -5
3 27 0x0000000c 0xff027113 M andi          x2, x16, -16
4 29 0x00000010 0x80000197 M auipc         x3, 0x80000000
5 31 0x00000014 0x7f018193 M addi          x3, x16, 2032
6 33 0x00000018 0x000022b7 M lui           x5, 0x00002000
7 35 0x0000001c 0x80028293 M addi          x5, x0, -2048
8 51 0x00000020 0x30029073 M csrrw         x0, mstatus, x5
9 53 0x00000024 0x00000317 M auipc         x6, 0x00000000
10 55 0x00000028 0x18030313 M addi          x6, x0, 384
11 58 0x0000002c 0x30531073 M csrrw         x0, mtvec, x6
12 61 0x00000030 0x30401073 M csrrw         x0, mie, x0
13 63 0x00000034 0x00002397 M auipc         x7, 0x00002000
14 65 0x00000038 0xa4038393 M addi          x7, x0, -1472
15 67 0x0000003c 0x80000417 M auipc         x8, 0x80000000
16 82 0x00000040 0xfc440413 M addi          x8, x4, -60
17 84 0x00000044 0x80000497 M auipc         x9, 0x80000000
18 86 0x00000048 0xfdc48493 M addi          x9, x28, -36
19 88 0x0000004c 0x80000517 M auipc         x10, 0x80000000
20 90 0x00000050 0xfd450513 M addi          x10, x20, -44
21 92 0x00000054 0x80000597 M auipc         x11, 0x80000000
22 94 0x00000058 0x0d058593 M addi          x11, x16, 208
23 96 0x0000005c 0x00000613 M addi          x12, x0, 0
24 112 0x00000060 0x00000693 M addi          x13, x0, 0
25 114 0x00000064 0x00000713 M addi          x14, x0, 0
26 116 0x00000068 0x00000793 M addi          x15, x0, 0
27 118 0x0000006c 0x00000813 M addi          x16, x0, 0
28 120 0x00000070 0x00000893 M addi          x17, x0, 0
29 122 0x00000074 0x00000913 M addi          x18, x0, 0
30 124 0x00000078 0x00000993 M addi          x19, x0, 0
31 126 0x0000007c 0x00000a13 M addi          x20, x0, 0
32 142 0x00000080 0x00000a93 M addi          x21, x0, 0
33 144 0x00000084 0x00000b13 M addi          x22, x0, 0
34 146 0x00000088 0x00000b93 M addi          x23, x0, 0
35 148 0x0000008c 0x00000c13 M addi          x24, x0, 0
36 150 0x00000090 0x00000c93 M addi          x25, x0, 0
37 152 0x00000094 0x00000d13 M addi          x26, x0, 0
38 154 0x00000098 0x00000d93 M addi          x27, x0, 0
39 156 0x0000009c 0x00000e13 M addi          x28, x0, 0
40 172 0x000000a0 0x00000e93 M addi          x29, x0, 0
41 174 0x000000a4 0x00000f13 M addi          x30, x0, 0
42 176 0x000000a8 0x00000f93 M addi          x31, x0, 0
43 179 0x000000ac 0x02008a63 M beq           x0, x1, 52
44 181 0x000000b0 0x00000797 M auipc         x15, 0x00000000
45 183 0x000000b4 0x01878793 M addi          x15, x24, 24
46 186 0x000000b8 0x30579073 M csrrw         x0, mtvec, x15
47 189 0x000000bc 0x30446073 M csrrsi        x0, mie, 8
48 203 0x000000c0 0x30046073 M csrrsi        x0, mstatus, 8
49 207 0x000000c4 0x0d80006f M jal           x0, 216
50 229 0x0000019c 0x10500073 M wfi           
